stm_bme_280.h:27:24:convert16BitData	16	static
stm_bme_280.h:32:24:convert24BitData	16	static
stm_bme_280.c:10:20:errorHandler	4	static
stm_bme_280.c:15:20:I2Cx_WriteData	40	static
stm_bme_280.c:27:23:I2Cx_ReadData	40	static
stm_bme_280.c:43:13:I2Cx_ReadData16	40	static
stm_bme_280.c:54:13:I2Cx_ReadData24	40	static
stm_bme_280.c:84:6:BME280_Initial	24	static
stm_bme_280.c:127:7:BME280_ReadTemperature	24	static
stm_bme_280.c:158:7:BME280_ReadPressure	160	static
stm_bme_280.c:204:7:BME280_ReadHumidity	24	static
stm_bme_280.c:240:7:BME280_ReadAltitude	24	static
stm_bme_280.c:251:7:BME280_ReadAltitudeDefSeaLevel	16	static
stm_bme_280.c:262:13:bme280_WriteReg	16	static
stm_bme_280.c:267:16:bme280_ReadReg	24	static
stm_bme_280.c:273:13:bme280_ReadRegPtr	16	static
stm_bme_280.c:278:16:bme280_ReadStatus	16	static
stm_bme_280.c:284:13:bme280_ReadData16	16	static
stm_bme_280.c:289:13:bme280_ReadSignedData16	16	static
stm_bme_280.c:294:13:bme280_ReadSignedData16_Convert	16	static
stm_bme_280.c:300:13:bme280_ReadRegDataConvert24	16	static
stm_bme_280.c:309:13:bme280_ReadCoefficients_Temp	8	static
stm_bme_280.c:316:13:bme280_ReadCoefficients_Pres	8	static
stm_bme_280.c:329:13:bme280_ReadCoefficients_Hum	16	static
stm_bme_280.c:340:13:bme280_ReadCoefficients	8	static
stm_bme_280.c:349:13:bme280_SetStandby	24	static
stm_bme_280.c:359:13:bme280_SetFilter	24	static
stm_bme_280.c:369:13:bme280_SetOversamplingTemper	24	static
stm_bme_280.c:379:13:bme280_SetOversamplingPressure	24	static
stm_bme_280.c:389:13:bme280_SetOversamplingHum	24	static
stm_bme_280.c:402:13:bme280_SetMode	24	static
