stm_bme_280.h:27:24:convert16BitData	16	static
stm_bme_280.h:32:24:convert24BitData	16	static
stm_bme_280.c:10:20:errorHandler	4	static
stm_bme_280.c:15:20:I2Cx_WriteData	40	static
stm_bme_280.c:27:23:I2Cx_ReadData	40	static
stm_bme_280.c:43:13:I2Cx_ReadData16	40	static
stm_bme_280.c:54:13:I2Cx_ReadData24	40	static
stm_bme_280.c:84:6:BME280_Initial	24	static
stm_bme_280.c:127:7:BME280_ReadTemperature	24	static
stm_bme_280.c:160:7:BME280_ReadPressure	160	static
stm_bme_280.c:206:7:BME280_ReadHumidity	24	static
stm_bme_280.c:242:7:BME280_ReadAltitude	24	static
stm_bme_280.c:253:7:BME280_ReadAltitudeDefSeaLevel	16	static
stm_bme_280.c:264:13:bme280_WriteReg	16	static
stm_bme_280.c:269:16:bme280_ReadReg	24	static
stm_bme_280.c:275:13:bme280_ReadRegPtr	16	static
stm_bme_280.c:280:16:bme280_ReadStatus	16	static
stm_bme_280.c:286:13:bme280_ReadData16	16	static
stm_bme_280.c:291:13:bme280_ReadSignedData16	16	static
stm_bme_280.c:296:13:bme280_ReadSignedData16_Convert	16	static
stm_bme_280.c:302:13:bme280_ReadRegDataConvert24	16	static
stm_bme_280.c:311:13:bme280_ReadCoefficients_Temp	8	static
stm_bme_280.c:318:13:bme280_ReadCoefficients_Pres	8	static
stm_bme_280.c:331:13:bme280_ReadCoefficients_Hum	16	static
stm_bme_280.c:342:13:bme280_ReadCoefficients	8	static
stm_bme_280.c:351:13:bme280_SetStandby	24	static
stm_bme_280.c:361:13:bme280_SetFilter	24	static
stm_bme_280.c:371:13:bme280_SetOversamplingTemper	24	static
stm_bme_280.c:381:13:bme280_SetOversamplingPressure	24	static
stm_bme_280.c:391:13:bme280_SetOversamplingHum	24	static
stm_bme_280.c:404:13:bme280_SetMode	24	static
